
as12, an absolute assembler for Motorola MCU's, version 1.2h

                        ; The_Stack.asm
                        ; Author: Brightspace Example
                        
2000                    STACK           equ     $2000   ; Stack pointer of $2000
                        
1000                                    org     $1000                    ;
1000 19 fe 32 c4 65     Data		db      $19,$FE,$32,$C4,$65     ; define bite in an array
2000                                    org     $2000
2000 cf 20 00                           lds     #Stack          ; load stack
                                        
2003 cd 10 00                           ldy     #Data   ; load array
2006 a6 41                              ldaa    1,y     ; load the second item of array into a
2008 e6 70                              ldab	1,y+    ; load the second item then change the y address
200a 36                                 psha            ; store a
200b 35                                 pshy            ; store y
200c 16 20 12                           jsr     Here
200f 3a                                 puld            ; get d
2010 20 05                              bra     Finish
2012 f6 10 03           Here            ldab    Data+3
2015 03                                 dey
2016 3d                                 rts
2017 3f                 Finish          swi
                                        end

Executed: Tue Mar 31 09:34:40 2020
Total cycles: 48, Total bytes: 29
Total errors: 0, Total warnings: 0
